// Jest Snapshot v1, https://goo.gl/fbAQLP

exports[`Header renders correctly 1`] = `
<header
  className="header"
>
  <div
    className="wrapper"
  >
    <div
      className="header__top"
    >
      <Logo
        className="header__logo"
      />
    </div>
    <div
      className="header__content"
    />
  </div>
</header>
`;
